// Jest Snapshot v1, https://goo.gl/fbAQLP

exports[`<SectionContainer />  Should render content  1`] = `
.c0 {
  max-width: 120rem;
  margin: 0 auto;
  padding: 3.2rem;
}

<div>
  <div
    class="c0"
  >
    <div>
      <h1>
        Children
      </h1>
    </div>
  </div>
</div>
`;
