// Jest Snapshot v1, https://goo.gl/fbAQLP

exports[`<GridTwoColumn /> Should render GridTwoColumn 1`] = `
.c5 {
  color: #0a1128;
  font-size: 6.4rem;
  text-transform: uppercase;
}

.c2 {
  display: grid;
  grid-template-columns: 1fr 2fr;
  -webkit-align-items: center;
  -webkit-box-align: center;
  -ms-flex-align: center;
  align-items: center;
  gap: 3.2rem;
}

.c2 .c4 {
  margin-bottom: 4.0rem;
}

.c1 {
  max-width: 120rem;
  margin: 0 auto;
  padding: 3.2rem;
}

.c0 {
  background: #ffffff;
  color: #0a1128;
  min-height: 100vh;
  display: -webkit-box;
  display: -webkit-flex;
  display: -ms-flexbox;
  display: flex;
  -webkit-align-items: center;
  -webkit-box-align: center;
  -ms-flex-align: center;
  align-items: center;
}

.c6 {
  font-size: 2.4rem;
}

@media (max-width:768px) {
  .c5 {
    font-size: 4.0rem;
  }
}

@media (max-width:768px) {
  .c2 {
    grid-template-columns: 1fr;
    text-align: center;
  }
}

@media (max-width:768px) {
  .c3 {
    margin-bottom: 3.2rem;
  }
}

<div>
  <div
    class="c0"
  >
    <div
      class="c1"
    >
      <div>
        <button>
          Dark
        </button>
        <div
          class="c2"
        >
          <div
            class="c3"
          >
            <h2
              class="c4 c5"
            >
              Grid Two Column
               
            </h2>
            <div
              class="c6"
            >
              Lorem ipsum dolor sit amet consectetur adipisicing elit. Officia ullam facilis necessitatibus architecto modi doloribus pariatur minima enim consequuntur reiciendis dolore ipsam atque quae laboriosam, non consectetur sequi odio similique!
            </div>
          </div>
          <div
            class=""
          >
            <img
              alt="Grid Two Column"
              class=""
              src="assets/images/javascript.svg"
            />
          </div>
        </div>
      </div>
    </div>
  </div>
</div>
`;
